

Thu Aug 15 22:26:32 2019
Command line: TestDisk

TestDisk 7.0, Data Recovery Utility, April 2015
Christophe GRENIER <grenier@cgsecurity.org>
http://www.cgsecurity.org
OS: Linux, kernel 4.19.60-v7l+ (#1247 SMP Thu Jul 25 14:54:07 BST 2019) armv7l
Compiler: GCC 8.2
ext2fs lib: 1.44.5, ntfs lib: libntfs-3g, reiserfs lib: none, ewf lib: none, curses lib: ncurses 6.1
Warning: can't get size for Disk /dev/mapper/control - 0 B - 0 sectors, sector size=512
Hard disk list
Disk /dev/sda - 63 GB / 58 GiB - CHS 60144 64 32, sector size=512 - SanDisk Cruzer Blade, FW:1.00
Disk /dev/mmcblk0 - 31 GB / 29 GiB - CHS 973968 4 16, sector size=512

Partition table type (auto): None
Disk /dev/sda - 63 GB / 58 GiB - SanDisk Cruzer Blade
Partition table type: None

Interface Advanced

recover_EXT2: s_block_group_nr=0/469, s_mnt_count=42/4294967295, s_blocks_per_group=32768, s_inodes_per_group=8192
recover_EXT2: s_blocksize=4096
recover_EXT2: s_blocks_count 15396864
recover_EXT2: part_size 123174912
   P ext4                     0   0  1 60143  63 32  123174912 [usb]
     ext4 blocksize=4096 Large_file Sparse_SB Recover, 63 GB / 58 GiB


dir_partition inode=2
   P ext4                     0   0  1 60143  63 32  123174912 [usb]
     ext4 blocksize=4096 Large_file Sparse_SB Recover, 63 GB / 58 GiB
Directory /
       2 drwxr-xr-x  1000   1000      4096 15-Aug-2019 01:25 .
       2 drwxr-xr-x  1000   1000      4096 15-Aug-2019 01:25 ..
      11 drwx------     0      0     16384 30-Jul-2019 20:45 lost+found
 3670017 drwxr-xr-x     0      0      4096 30-Jul-2019 21:20 jellyfin
 2097153 drwxrwxrwx     0      0      4096  4-Aug-2019 17:31 media
  262145 drwxrwxrwx     0      0      4096 15-Aug-2019 02:13 Descargas
  786433 drwxr-sr-x  1000   1000      4096  7-Aug-2019 01:19 supysonic
 1441793 drwxr-xr-x  1000    911      4096  6-Aug-2019 11:59 mysql
 1572865 drwxr-xr-x     0      0      4096 31-Jul-2019 18:06 plex
 3407873 drwxr-xr-x   911   1000      4096  6-Aug-2019 12:11 tt-rss
 2621441 drwxr-xr-x  1000    100      4096 31-Jul-2019 19:55 letsencript
 2228225 drwxrwxrwx     0      0      4096  4-Aug-2019 09:33 webdav
 1966081 drwxrwxrwx     0      0     12288 15-Aug-2019 17:19 .02_Org
 2752513 drwxrwxrwx     0      0      4096 15-Aug-2019 09:59 01_Org
 2359297 drwxrwxrwx     0      0      4096 15-Aug-2019 12:17 03_Casa
 2490369 drwxrwxrwx     0      0      4096 31-Jul-2019 21:44 02_Org
 2883585 drwxr-xr-x  1000   1000      4096  5-Aug-2019 11:21 gogs
 3014658 drwxrwxrwx     0      0      4096  6-Aug-2019 15:06 telegram
 3145729 drwxr-xr-x  1000    911      4096  3-Aug-2019 13:39 tautulli
 3276801 drwxr-xr-x     0      0      4096  2-Aug-2019 22:53 mytinytodo
 3538945 drwxr-xr-x     0      0      4096  3-Aug-2019 01:43 mininote
 3538946 drwxr-xr-x     0      0      4096  3-Aug-2019 13:04 wikitten
 2228226 drwxr-xr-x  1000   1000      4096  3-Aug-2019 13:14 nextcloud
 3276803 drwxrwxrwx     0      0      4096  5-Aug-2019 22:09 syncthing
 2097156 drwxrwxrwx     0      0      4096  4-Aug-2019 02:06 resilio
 3276819 drwxrwxrwx     0      0      4096  4-Aug-2019 18:51 scripts
 3276807 drwxr-xr-x     0      0      4096  4-Aug-2019 20:21 ejabberd_config
 3145779 drwxrwxrwx     0      0      4096  4-Aug-2019 22:20 ejabberd
 3276812 drwxrwxrwx     0      0      4096  4-Aug-2019 21:18 ejabberdb
 1442125 drwxr-xr-x     0      0      4096  4-Aug-2019 23:56 mumble
 1442133 drwxr-xr-x     0      0      4096  5-Aug-2019 00:20 mumble-server
 3276834 drwxr-xr-x     0      0      4096  5-Aug-2019 11:35 telegram_bk
 1441969 drwxrwxrwx     0      0      4096  6-Aug-2019 19:52 04_Md
 1441974 drwxr-xr-x  1000   1000      4096  6-Aug-2019 19:42 airsonic
 2752633 drwxrwxrwx     0      0      4096  6-Aug-2019 21:29 ArchiveBox
 3145802 drwxrwxrwx     0      0      4096 14-Aug-2019 23:04 git
 1966212 drwxr-xr-x     0      0      4096 15-Aug-2019 01:25 emacs

dir_partition inode=3145802
   P ext4                     0   0  1 60143  63 32  123174912 [usb]
     ext4 blocksize=4096 Large_file Sparse_SB Recover, 63 GB / 58 GiB
Directory /git
 3145802 drwxrwxrwx     0      0      4096 14-Aug-2019 23:04 .
       2 drwxr-xr-x  1000   1000      4096 15-Aug-2019 01:25 ..
 3145803 drwxr-xr-x  1000   1000      4096 15-Aug-2019 22:26 blog
 3145945 drwxr-xr-x  1000   1000      4096 15-Aug-2019 13:45 ugeek.github.io

dir_partition inode=3145803
   P ext4                     0   0  1 60143  63 32  123174912 [usb]
     ext4 blocksize=4096 Large_file Sparse_SB Recover, 63 GB / 58 GiB
Directory /git/blog
 3145803 drwxr-xr-x  1000   1000      4096 15-Aug-2019 22:26 .
 3145802 drwxrwxrwx     0      0      4096 14-Aug-2019 23:04 ..
 3145804 drwxr-xr-x  1000   1000      4096 15-Aug-2019 22:26 .git
 3145831 -rw-r--r--  1000   1000       165 15-Aug-2019 12:49 .gitattributes
 3145846 -rw-r--r--  1000   1000        50 15-Aug-2019 12:48 .gitignore
 3145847 -rw-r--r--  1000   1000        91 14-Aug-2019 22:37 .stignore
X3145936 -rwxr-xr-x  1000   1000    282122 15-Aug-2019 22:18 title
 3145849 -rw-r--r--  1000   1000         6 14-Aug-2019 22:37 README.md
 3147240 -rw-r--r--  1000   1000      2151 15-Aug-2019 18:59 .html
 3145936 -rwxr-xr-x  1000   1000    282122 15-Aug-2019 22:18 blog.org
 3145852 -rw-r--r--  1000   1000      2904 14-Aug-2019 22:37 btab.js
 3145853 -rw-r--r--  1000   1000      7220 15-Aug-2019 22:10 config
 3145854 drwxr-xr-x  1000   1000      4096 14-Aug-2019 22:37 css
 3145856 -rw-r--r--  1000   1000     24277 15-Aug-2019 22:11 emacs.xml
 3145857 -rw-r--r--  1000   1000    125215 15-Aug-2019 22:11 feed.xml
 3147260 -rw-r--r--  1000   1000     16413 15-Aug-2019 22:11 org-bash-blog.html
 3145859 drwxr-xr-x  1000   1000      4096 14-Aug-2019 22:37 icon
 3145869 drwxr-xr-x  1000   1000      4096 15-Aug-2019 21:42 images-blog
 3145935 -rw-r--r--  1000   1000      4096 15-Aug-2019 22:26 testdisk.log
 3147352 -rw-r--r--  1000   1000     19745 15-Aug-2019 22:11 list.html
 3145937 -rwxr-xr-x  1000   1000     28925 15-Aug-2019 21:14 org-bash-blog
 3145938 drwxr-xr-x  1000   1000      4096 15-Aug-2019 22:11 org
 3145962 drwxr-xr-x  1000   1000     12288 15-Aug-2019 22:11 post
 3146041 drwxr-xr-x  1000   1000      4096 14-Aug-2019 22:37 scripts
 3147354 -rw-r--r--  1000   1000     84911 15-Aug-2019 22:11 tag.html
 3146044 -rw-r--r--  1000   1000      2548 14-Aug-2019 22:37 ugeek.png
 3145842 drwxr-xr-x  1000   1000      4096 15-Aug-2019 22:22 .temp
 3146513 drwxr-xr-x  1000   1000      4096 15-Aug-2019 22:22 program
X3147385 -rw-r--r--  1000   1000         0 15-Aug-2019 22:22 description
X3147386 -rw-r--r--  1000   1000       650 15-Aug-2019 22:22 date-
X3147387 -rw-r--r--  1000   1000         0 15-Aug-2019 22:11 hour
X3147388 -rw-r--r--  1000   1000         0 15-Aug-2019 22:11 category
X3147389 -rw-r--r--  1000   1000         0 15-Aug-2019 22:11 tag
X3147390 -rw-r--r--  1000   1000         0 15-Aug-2019 22:11 image
X3147391 -rw-r--r--  1000   1000         0 15-Aug-2019 22:11 date
X3147392 -rw-r--r--  1000   1000         0 15-Aug-2019 22:11 postsID.csv
X3147393 -rw-r--r--  1000   1000         0 15-Aug-2019 22:11 posts.csv
X3147394 -rw-r--r--  1000   1000         0 15-Aug-2019 22:11 posts4feed.csv
X3147395 -rw-r--r--  1000   1000         0 15-Aug-2019 22:11 category.csv
X3147396 -rw-r--r--  1000   1000         0 15-Aug-2019 22:11 tags.csv
X3147397 -rw-r--r--  1000   1000         0 15-Aug-2019 22:11 tag.csv
X3147331 -r--r--r--  1000   1000       766 15-Aug-2019 22:11 tag.org
X3145991 -r--r--r--  1000   1000     28682 15-Aug-2019 22:11 temp_post.org
X3145993 drwxr-xr-x  1000   1000      4096 15-Aug-2019 22:11 category_temp_post.csv
X3145996 -r--r--r--  1000   1000       747 15-Aug-2019 22:11 cat_temp.csv
X3145973 -rw-r--r--  1000   1000     21476 15-Aug-2019 22:11 emacs.csv
X3147354 -rw-r--r--  1000   1000     84911 15-Aug-2019 22:11 sedOUBGJO
 3147353 -rw-r--r--  1000   1000      7036 15-Aug-2019 22:11 index.html
X3147340 -rw-r--r--  1000   1000        41 15-Aug-2019 22:11 index.org
X3147353 -rw-r--r--  1000   1000      7036 15-Aug-2019 22:11 sed9JO31s
 3147357 -rw-r--r--  1000   1000      3932 15-Aug-2019 19:00 Corrector-Ortagráfico-para-Emacs-en-Raspbian.html
X3147340 -rw-r--r--  1000   1000        41 15-Aug-2019 22:11 2019-08-15-recupera-archivos-borrados-con-test-disk.org
X3147341 -rw-r--r--  1000   1000      8181 15-Aug-2019 22:11 2019-08-15-recupera-archivos-borrados-con-test-disk.html

dir_partition inode=3146513
   P ext4                     0   0  1 60143  63 32  123174912 [usb]
     ext4 blocksize=4096 Large_file Sparse_SB Recover, 63 GB / 58 GiB
Directory /git/blog/program
 3146513 drwxr-xr-x  1000   1000      4096 15-Aug-2019 22:22 .
 3145803 drwxr-xr-x  1000   1000      4096 15-Aug-2019 22:26 ..
 3147386 -rw-r--r--  1000   1000       650 15-Aug-2019 22:22 org-bash-blog.html
 3145858 -rw-r--r--  1000   1000     16148 15-Aug-2019 22:25 testdisk.log
 3147359 -rw-r--r--  1000   1000      3435 15-Aug-2019 21:48 .html
X3145940 -rw-r--r--  1000   1000         0 15-Aug-2019 22:22 config
X3147360 -rw-r--r--  1000   1000         0 15-Aug-2019 22:22 program.org.bk
X3145935 -rw-r--r--  1000   1000      4096 15-Aug-2019 22:26 config~
X3147385 -rw-r--r--  1000   1000         0 15-Aug-2019 22:22 .#program.org
X3147361 -rw-r--r--  1000   1000         0 15-Aug-2019 22:22 Recupera-archivos-borrados-con-Test-Disk.html
X3147362 -rw-r--r--  1000   1000     23341 14-Mar-2014 15:50 sedHsTssd
Directory /git/blog
 3145803 drwxr-xr-x  1000   1000      4096 15-Aug-2019 22:26 .
 3145802 drwxrwxrwx     0      0      4096 14-Aug-2019 23:04 ..
 3145804 drwxr-xr-x  1000   1000      4096 15-Aug-2019 22:26 .git
 3145831 -rw-r--r--  1000   1000       165 15-Aug-2019 12:49 .gitattributes
 3145846 -rw-r--r--  1000   1000        50 15-Aug-2019 12:48 .gitignore
 3145847 -rw-r--r--  1000   1000        91 14-Aug-2019 22:37 .stignore
X3145936 -rwxr-xr-x  1000   1000    282122 15-Aug-2019 22:18 title
 3145849 -rw-r--r--  1000   1000         6 14-Aug-2019 22:37 README.md
 3147240 -rw-r--r--  1000   1000      2151 15-Aug-2019 18:59 .html
 3145936 -rwxr-xr-x  1000   1000    282122 15-Aug-2019 22:18 blog.org
 3145852 -rw-r--r--  1000   1000      2904 14-Aug-2019 22:37 btab.js
 3145853 -rw-r--r--  1000   1000      7220 15-Aug-2019 22:10 config
 3145854 drwxr-xr-x  1000   1000      4096 14-Aug-2019 22:37 css
 3145856 -rw-r--r--  1000   1000     24277 15-Aug-2019 22:11 emacs.xml
 3145857 -rw-r--r--  1000   1000    125215 15-Aug-2019 22:11 feed.xml
 3147260 -rw-r--r--  1000   1000     16413 15-Aug-2019 22:11 org-bash-blog.html
 3145859 drwxr-xr-x  1000   1000      4096 14-Aug-2019 22:37 icon
 3145869 drwxr-xr-x  1000   1000      4096 15-Aug-2019 21:42 images-blog
 3145935 -rw-r--r--  1000   1000      4096 15-Aug-2019 22:26 testdisk.log
 3147352 -rw-r--r--  1000   1000     19745 15-Aug-2019 22:11 list.html
 3145937 -rwxr-xr-x  1000   1000     28925 15-Aug-2019 21:14 org-bash-blog
 3145938 drwxr-xr-x  1000   1000      4096 15-Aug-2019 22:11 org
 3145962 drwxr-xr-x  1000   1000     12288 15-Aug-2019 22:11 post
 3146041 drwxr-xr-x  1000   1000      4096 14-Aug-2019 22:37 scripts
 3147354 -rw-r--r--  1000   1000     84911 15-Aug-2019 22:11 tag.html
 3146044 -rw-r--r--  1000   1000      2548 14-Aug-2019 22:37 ugeek.png
 3145842 drwxr-xr-x  1000   1000      4096 15-Aug-2019 22:22 .temp
 3146513 drwxr-xr-x  1000   1000      4096 15-Aug-2019 22:22 program
X3147385 -rw-r--r--  1000   1000         0 15-Aug-2019 22:22 description
X3147386 -rw-r--r--  1000   1000       650 15-Aug-2019 22:22 date-
X3147387 -rw-r--r--  1000   1000         0 15-Aug-2019 22:11 hour
X3147388 -rw-r--r--  1000   1000         0 15-Aug-2019 22:11 category
X3147389 -rw-r--r--  1000   1000         0 15-Aug-2019 22:11 tag
X3147390 -rw-r--r--  1000   1000         0 15-Aug-2019 22:11 image
X3147391 -rw-r--r--  1000   1000         0 15-Aug-2019 22:11 date
X3147392 -rw-r--r--  1000   1000         0 15-Aug-2019 22:11 postsID.csv
X3147393 -rw-r--r--  1000   1000         0 15-Aug-2019 22:11 posts.csv
X3147394 -rw-r--r--  1000   1000         0 15-Aug-2019 22:11 posts4feed.csv
X3147395 -rw-r--r--  1000   1000         0 15-Aug-2019 22:11 category.csv
X3147396 -rw-r--r--  1000   1000         0 15-Aug-2019 22:11 tags.csv
X3147397 -rw-r--r--  1000   1000         0 15-Aug-2019 22:11 tag.csv
X3147331 -r--r--r--  1000   1000       766 15-Aug-2019 22:11 tag.org
X3145991 -r--r--r--  1000   1000     28682 15-Aug-2019 22:11 temp_post.org
X3145993 drwxr-xr-x  1000   1000      4096 15-Aug-2019 22:11 category_temp_post.csv
X3145996 -r--r--r--  1000   1000       747 15-Aug-2019 22:11 cat_temp.csv
X3145973 -rw-r--r--  1000   1000     21476 15-Aug-2019 22:11 emacs.csv
X3147354 -rw-r--r--  1000   1000     84911 15-Aug-2019 22:11 sedOUBGJO
 3147353 -rw-r--r--  1000   1000      7036 15-Aug-2019 22:11 index.html
X3147340 -rw-r--r--  1000   1000        41 15-Aug-2019 22:11 index.org
X3147353 -rw-r--r--  1000   1000      7036 15-Aug-2019 22:11 sed9JO31s
 3147357 -rw-r--r--  1000   1000      3932 15-Aug-2019 19:00 Corrector-Ortagráfico-para-Emacs-en-Raspbian.html
X3147340 -rw-r--r--  1000   1000        41 15-Aug-2019 22:11 2019-08-15-recupera-archivos-borrados-con-test-disk.org
X3147341 -rw-r--r--  1000   1000      8181 15-Aug-2019 22:11 2019-08-15-recupera-archivos-borrados-con-test-disk.html
Directory /git
 3145802 drwxrwxrwx     0      0      4096 14-Aug-2019 23:04 .
       2 drwxr-xr-x  1000   1000      4096 15-Aug-2019 01:25 ..
 3145803 drwxr-xr-x  1000   1000      4096 15-Aug-2019 22:26 blog
 3145945 drwxr-xr-x  1000   1000      4096 15-Aug-2019 13:45 ugeek.github.io
Directory /
       2 drwxr-xr-x  1000   1000      4096 15-Aug-2019 01:25 .
       2 drwxr-xr-x  1000   1000      4096 15-Aug-2019 01:25 ..
      11 drwx------     0      0     16384 30-Jul-2019 20:45 lost+found
 3670017 drwxr-xr-x     0      0      4096 30-Jul-2019 21:20 jellyfin
 2097153 drwxrwxrwx     0      0      4096  4-Aug-2019 17:31 media
  262145 drwxrwxrwx     0      0      4096 15-Aug-2019 02:13 Descargas
  786433 drwxr-sr-x  1000   1000      4096  7-Aug-2019 01:19 supysonic
 1441793 drwxr-xr-x  1000    911      4096  6-Aug-2019 11:59 mysql
 1572865 drwxr-xr-x     0      0      4096 31-Jul-2019 18:06 plex
 3407873 drwxr-xr-x   911   1000      4096  6-Aug-2019 12:11 tt-rss
 2621441 drwxr-xr-x  1000    100      4096 31-Jul-2019 19:55 letsencript
 2228225 drwxrwxrwx     0      0      4096  4-Aug-2019 09:33 webdav
 1966081 drwxrwxrwx     0      0     12288 15-Aug-2019 17:19 .02_Org
 2752513 drwxrwxrwx     0      0      4096 15-Aug-2019 09:59 01_Org
 2359297 drwxrwxrwx     0      0      4096 15-Aug-2019 12:17 03_Casa
 2490369 drwxrwxrwx     0      0      4096 31-Jul-2019 21:44 02_Org
 2883585 drwxr-xr-x  1000   1000      4096  5-Aug-2019 11:21 gogs
 3014658 drwxrwxrwx     0      0      4096  6-Aug-2019 15:06 telegram
 3145729 drwxr-xr-x  1000    911      4096  3-Aug-2019 13:39 tautulli
 3276801 drwxr-xr-x     0      0      4096  2-Aug-2019 22:53 mytinytodo
 3538945 drwxr-xr-x     0      0      4096  3-Aug-2019 01:43 mininote
 3538946 drwxr-xr-x     0      0      4096  3-Aug-2019 13:04 wikitten
 2228226 drwxr-xr-x  1000   1000      4096  3-Aug-2019 13:14 nextcloud
 3276803 drwxrwxrwx     0      0      4096  5-Aug-2019 22:09 syncthing
 2097156 drwxrwxrwx     0      0      4096  4-Aug-2019 02:06 resilio
 3276819 drwxrwxrwx     0      0      4096  4-Aug-2019 18:51 scripts
 3276807 drwxr-xr-x     0      0      4096  4-Aug-2019 20:21 ejabberd_config
 3145779 drwxrwxrwx     0      0      4096  4-Aug-2019 22:20 ejabberd
 3276812 drwxrwxrwx     0      0      4096  4-Aug-2019 21:18 ejabberdb
 1442125 drwxr-xr-x     0      0      4096  4-Aug-2019 23:56 mumble
 1442133 drwxr-xr-x     0      0      4096  5-Aug-2019 00:20 mumble-server
 3276834 drwxr-xr-x     0      0      4096  5-Aug-2019 11:35 telegram_bk
 1441969 drwxrwxrwx     0      0      4096  6-Aug-2019 19:52 04_Md
 1441974 drwxr-xr-x  1000   1000      4096  6-Aug-2019 19:42 airsonic
 2752633 drwxrwxrwx     0      0      4096  6-Aug-2019 21:29 ArchiveBox
 3145802 drwxrwxrwx     0      0      4096 14-Aug-2019 23:04 git
 1966212 drwxr-xr-x     0      0      4096 15-Aug-2019 01:25 emacs

TestDisk exited normally.
